
> fe-web-novel@0.1.0 build
> next build

▲ Next.js 16.1.6 (Turbopack)
- Environments: .env
- Experiments (use with caution):
  · optimizePackageImports

  Creating an optimized production build ...
✓ Compiled successfully in 3.0s
  Running TypeScript ...
Failed to compile.

./src/app/studio/analytics/page.tsx:41:60
Type error: Property 'data' does not exist on type 'never'.

[0m [90m 39 |[39m     apiFetch[33m<[39m[33many[39m[][33m>[39m([32m"/stories/my"[39m)
 [90m 40 |[39m       [33m.[39mthen((res) [33m=>[39m {
[31m[1m>[22m[39m[90m 41 |[39m         [36mconst[39m storiesList [33m=[39m [33mArray[39m[33m.[39misArray(res) [33m?[39m res [33m:[39m res[33m.[39mdata [33m||[39m [][33m;[39m
 [90m    |[39m                                                            [31m[1m^[22m[39m
 [90m 42 |[39m         [36mconst[39m totalViews [33m=[39m storiesList[33m.[39mreduce(
 [90m 43 |[39m           (acc[33m,[39m s) [33m=>[39m acc [33m+[39m (s[33m.[39mviewCount [33m||[39m [35m0[39m)[33m,[39m
 [90m 44 |[39m           [35m0[39m[33m,[39m[0m
Next.js build worker exited with code: 1 and signal: null
